Analysis & Synthesis report for drawing
Wed Jun  3 16:06:04 2026
Quartus Prime Version 21.1.0 Build 842 10/21/2021 SJ Lite Edition


---------------------
; Table of Contents ;
---------------------
  1. Legal Notice
  2. Analysis & Synthesis Summary
  3. Analysis & Synthesis Settings
  4. Parallel Compilation
  5. Analysis & Synthesis Source Files Read
  6. Analysis & Synthesis Resource Usage Summary
  7. Analysis & Synthesis Resource Utilization by Entity
  8. General Register Statistics
  9. Multiplexer Restructuring Statistics (Restructuring Performed)
 10. Parameter Settings for User Entity Instance: MoveSquare:move_square
 11. Port Connectivity Checks: "MoveSquare:move_square"
 12. Port Connectivity Checks: "SyncCount:sync_count"
 13. Post-Synthesis Netlist Statistics for Top Partition
 14. Elapsed Time Per Partition
 15. Analysis & Synthesis Messages



----------------
; Legal Notice ;
----------------
Copyright (C) 2021  Intel Corporation. All rights reserved.
Your use of Intel Corporation's design tools, logic functions 
and other software and tools, and any partner logic 
functions, and any output files from any of the foregoing 
(including device programming or simulation files), and any 
associated documentation or information are expressly subject 
to the terms and conditions of the Intel Program License 
Subscription Agreement, the Intel Quartus Prime License Agreement,
the Intel FPGA IP License Agreement, or other applicable license
agreement, including, without limitation, that your use is for
the sole purpose of programming logic devices manufactured by
Intel and sold by Intel or its authorized distributors.  Please
refer to the applicable agreement for further details, at
https://fpgasoftware.intel.com/eula.



+----------------------------------------------------------------------------------+
; Analysis & Synthesis Summary                                                     ;
+------------------------------------+---------------------------------------------+
; Analysis & Synthesis Status        ; Successful - Wed Jun  3 16:06:04 2026       ;
; Quartus Prime Version              ; 21.1.0 Build 842 10/21/2021 SJ Lite Edition ;
; Revision Name                      ; drawing                                     ;
; Top-level Entity Name              ; TopLevel                                    ;
; Family                             ; MAX 10                                      ;
; Total logic elements               ; 283                                         ;
;     Total combinational functions  ; 283                                         ;
;     Dedicated logic registers      ; 150                                         ;
; Total registers                    ; 150                                         ;
; Total pins                         ; 17                                          ;
; Total virtual pins                 ; 0                                           ;
; Total memory bits                  ; 0                                           ;
; Embedded Multiplier 9-bit elements ; 0                                           ;
; Total PLLs                         ; 0                                           ;
; UFM blocks                         ; 0                                           ;
; ADC blocks                         ; 0                                           ;
+------------------------------------+---------------------------------------------+


+------------------------------------------------------------------------------------------------------------+
; Analysis & Synthesis Settings                                                                              ;
+------------------------------------------------------------------+--------------------+--------------------+
; Option                                                           ; Setting            ; Default Value      ;
+------------------------------------------------------------------+--------------------+--------------------+
; Device                                                           ; 10M50DAF484C7G     ;                    ;
; Top-level entity name                                            ; TopLevel           ; drawing            ;
; Family name                                                      ; MAX 10             ; Cyclone V          ;
; Use smart compilation                                            ; Off                ; Off                ;
; Enable parallel Assembler and Timing Analyzer during compilation ; On                 ; On                 ;
; Enable compact report table                                      ; Off                ; Off                ;
; Restructure Multiplexers                                         ; Auto               ; Auto               ;
; Create Debugging Nodes for IP Cores                              ; Off                ; Off                ;
; Preserve fewer node names                                        ; On                 ; On                 ;
; Intel FPGA IP Evaluation Mode                                    ; Enable             ; Enable             ;
; Verilog Version                                                  ; Verilog_2001       ; Verilog_2001       ;
; VHDL Version                                                     ; VHDL_1993          ; VHDL_1993          ;
; State Machine Processing                                         ; Auto               ; Auto               ;
; Safe State Machine                                               ; Off                ; Off                ;
; Extract Verilog State Machines                                   ; On                 ; On                 ;
; Extract VHDL State Machines                                      ; On                 ; On                 ;
; Ignore Verilog initial constructs                                ; Off                ; Off                ;
; Iteration limit for constant Verilog loops                       ; 5000               ; 5000               ;
; Iteration limit for non-constant Verilog loops                   ; 250                ; 250                ;
; Add Pass-Through Logic to Inferred RAMs                          ; On                 ; On                 ;
; Infer RAMs from Raw Logic                                        ; On                 ; On                 ;
; Parallel Synthesis                                               ; On                 ; On                 ;
; DSP Block Balancing                                              ; Auto               ; Auto               ;
; NOT Gate Push-Back                                               ; On                 ; On                 ;
; Power-Up Don't Care                                              ; On                 ; On                 ;
; Remove Redundant Logic Cells                                     ; Off                ; Off                ;
; Remove Duplicate Registers                                       ; On                 ; On                 ;
; Ignore CARRY Buffers                                             ; Off                ; Off                ;
; Ignore CASCADE Buffers                                           ; Off                ; Off                ;
; Ignore GLOBAL Buffers                                            ; Off                ; Off                ;
; Ignore ROW GLOBAL Buffers                                        ; Off                ; Off                ;
; Ignore LCELL Buffers                                             ; Off                ; Off                ;
; Ignore SOFT Buffers                                              ; On                 ; On                 ;
; Limit AHDL Integers to 32 Bits                                   ; Off                ; Off                ;
; Optimization Technique                                           ; Balanced           ; Balanced           ;
; Carry Chain Length                                               ; 70                 ; 70                 ;
; Auto Carry Chains                                                ; On                 ; On                 ;
; Auto Open-Drain Pins                                             ; On                 ; On                 ;
; Perform WYSIWYG Primitive Resynthesis                            ; Off                ; Off                ;
; Auto ROM Replacement                                             ; On                 ; On                 ;
; Auto RAM Replacement                                             ; On                 ; On                 ;
; Auto DSP Block Replacement                                       ; On                 ; On                 ;
; Auto Shift Register Replacement                                  ; Auto               ; Auto               ;
; Allow Shift Register Merging across Hierarchies                  ; Auto               ; Auto               ;
; Auto Clock Enable Replacement                                    ; On                 ; On                 ;
; Strict RAM Replacement                                           ; Off                ; Off                ;
; Allow Synchronous Control Signals                                ; On                 ; On                 ;
; Force Use of Synchronous Clear Signals                           ; Off                ; Off                ;
; Auto RAM Block Balancing                                         ; On                 ; On                 ;
; Auto RAM to Logic Cell Conversion                                ; Off                ; Off                ;
; Auto Resource Sharing                                            ; Off                ; Off                ;
; Allow Any RAM Size For Recognition                               ; Off                ; Off                ;
; Allow Any ROM Size For Recognition                               ; Off                ; Off                ;
; Allow Any Shift Register Size For Recognition                    ; Off                ; Off                ;
; Use LogicLock Constraints during Resource Balancing              ; On                 ; On                 ;
; Ignore translate_off and synthesis_off directives                ; Off                ; Off                ;
; Timing-Driven Synthesis                                          ; On                 ; On                 ;
; Report Parameter Settings                                        ; On                 ; On                 ;
; Report Source Assignments                                        ; On                 ; On                 ;
; Report Connectivity Checks                                       ; On                 ; On                 ;
; Ignore Maximum Fan-Out Assignments                               ; Off                ; Off                ;
; Synchronization Register Chain Length                            ; 2                  ; 2                  ;
; Power Optimization During Synthesis                              ; Normal compilation ; Normal compilation ;
; HDL message level                                                ; Level2             ; Level2             ;
; Suppress Register Optimization Related Messages                  ; Off                ; Off                ;
; Number of Removed Registers Reported in Synthesis Report         ; 5000               ; 5000               ;
; Number of Swept Nodes Reported in Synthesis Report               ; 5000               ; 5000               ;
; Number of Inverted Registers Reported in Synthesis Report        ; 100                ; 100                ;
; Clock MUX Protection                                             ; On                 ; On                 ;
; Auto Gated Clock Conversion                                      ; Off                ; Off                ;
; Block Design Naming                                              ; Auto               ; Auto               ;
; SDC constraint protection                                        ; Off                ; Off                ;
; Synthesis Effort                                                 ; Auto               ; Auto               ;
; Shift Register Replacement - Allow Asynchronous Clear Signal     ; On                 ; On                 ;
; Pre-Mapping Resynthesis Optimization                             ; Off                ; Off                ;
; Analysis & Synthesis Message Level                               ; Medium             ; Medium             ;
; Disable Register Merging Across Hierarchies                      ; Auto               ; Auto               ;
; Resource Aware Inference For Block RAM                           ; On                 ; On                 ;
+------------------------------------------------------------------+--------------------+--------------------+


+------------------------------------------+
; Parallel Compilation                     ;
+----------------------------+-------------+
; Processors                 ; Number      ;
+----------------------------+-------------+
; Number detected on machine ; 8           ;
; Maximum allowed            ; 8           ;
;                            ;             ;
; Average used               ; 1.00        ;
; Maximum used               ; 8           ;
;                            ;             ;
; Usage by Processor         ; % Time Used ;
;     Processor 1            ; 100.0%      ;
;     Processor 2            ;   0.0%      ;
;     Processors 3-8         ;   0.0%      ;
+----------------------------+-------------+


+--------------------------------------------------------------------------------------------------------------------------------------------------------------+
; Analysis & Synthesis Source Files Read                                                                                                                       ;
+-----------------------------------+-----------------+------------------------------+---------------------------------------------------------------+---------+
; File Name with User-Entered Path  ; Used in Netlist ; File Type                    ; File Name with Absolute Path                                  ; Library ;
+-----------------------------------+-----------------+------------------------------+---------------------------------------------------------------+---------+
; SyncCount.sv                      ; yes             ; User SystemVerilog HDL File  ; /home/charlesmaebi/FPGA-VGA/SyncCount.sv                      ;         ;
; Mux.sv                            ; yes             ; User SystemVerilog HDL File  ; /home/charlesmaebi/FPGA-VGA/Mux.sv                            ;         ;
; ClockDivider.sv                   ; yes             ; User SystemVerilog HDL File  ; /home/charlesmaebi/FPGA-VGA/ClockDivider.sv                   ;         ;
; TopLevel.sv                       ; yes             ; User SystemVerilog HDL File  ; /home/charlesmaebi/FPGA-VGA/TopLevel.sv                       ;         ;
; draw_square.sv                    ; yes             ; User SystemVerilog HDL File  ; /home/charlesmaebi/FPGA-VGA/draw_square.sv                    ;         ;
; Clock.sv                          ; yes             ; User SystemVerilog HDL File  ; /home/charlesmaebi/FPGA-VGA/Clock.sv                          ;         ;
; MoveSquare.sv                     ; yes             ; User SystemVerilog HDL File  ; /home/charlesmaebi/FPGA-VGA/MoveSquare.sv                     ;         ;
; Collision.sv                      ; yes             ; User SystemVerilog HDL File  ; /home/charlesmaebi/FPGA-VGA/Collision.sv                      ;         ;
; output_files/ClockDividerSound.sv ; yes             ; User SystemVerilog HDL File  ; /home/charlesmaebi/FPGA-VGA/output_files/ClockDividerSound.sv ;         ;
; CollisionHasChanged.sv            ; yes             ; User SystemVerilog HDL File  ; /home/charlesmaebi/FPGA-VGA/CollisionHasChanged.sv            ;         ;
; CountQuarterSecond.sv             ; yes             ; User SystemVerilog HDL File  ; /home/charlesmaebi/FPGA-VGA/CountQuarterSecond.sv             ;         ;
+-----------------------------------+-----------------+------------------------------+---------------------------------------------------------------+---------+


+-------------------------------------------------------------+
; Analysis & Synthesis Resource Usage Summary                 ;
+---------------------------------------------+---------------+
; Resource                                    ; Usage         ;
+---------------------------------------------+---------------+
; Estimated Total logic elements              ; 283           ;
;                                             ;               ;
; Total combinational functions               ; 283           ;
; Logic element usage by number of LUT inputs ;               ;
;     -- 4 input functions                    ; 48            ;
;     -- 3 input functions                    ; 74            ;
;     -- <=2 input functions                  ; 161           ;
;                                             ;               ;
; Logic elements by mode                      ;               ;
;     -- normal mode                          ; 118           ;
;     -- arithmetic mode                      ; 165           ;
;                                             ;               ;
; Total registers                             ; 150           ;
;     -- Dedicated logic registers            ; 150           ;
;     -- I/O registers                        ; 0             ;
;                                             ;               ;
; I/O pins                                    ; 17            ;
;                                             ;               ;
; Embedded Multiplier 9-bit elements          ; 0             ;
;                                             ;               ;
; Maximum fan-out node                        ; clock50~input ;
; Maximum fan-out                             ; 128           ;
; Total fan-out                               ; 1299          ;
; Average fan-out                             ; 2.78          ;
+---------------------------------------------+---------------+


+----------------------------------------------------------------------------------------------------------------------------------------------------------------------------------------------------------------------------------------------------------------------------+
; Analysis & Synthesis Resource Utilization by Entity                                                                                                                                                                                                                        ;
+--------------------------------------+---------------------+---------------------------+-------------+------------+--------------+---------+-----------+------+--------------+------------+-------------------------------------------+---------------------+--------------+
; Compilation Hierarchy Node           ; Combinational ALUTs ; Dedicated Logic Registers ; Memory Bits ; UFM Blocks ; DSP Elements ; DSP 9x9 ; DSP 18x18 ; Pins ; Virtual Pins ; ADC blocks ; Full Hierarchy Name                       ; Entity Name         ; Library Name ;
+--------------------------------------+---------------------+---------------------------+-------------+------------+--------------+---------+-----------+------+--------------+------------+-------------------------------------------+---------------------+--------------+
; |TopLevel                            ; 283 (1)             ; 150 (0)                   ; 0           ; 0          ; 0            ; 0       ; 0         ; 17   ; 0            ; 0          ; |TopLevel                                 ; TopLevel            ; work         ;
;    |Clock:clock|                     ; 43 (43)             ; 27 (27)                   ; 0           ; 0          ; 0            ; 0       ; 0         ; 0    ; 0            ; 0          ; |TopLevel|Clock:clock                     ; Clock               ; work         ;
;    |ClockDivider:clock_divider|      ; 1 (1)               ; 1 (1)                     ; 0           ; 0          ; 0            ; 0       ; 0         ; 0    ; 0            ; 0          ; |TopLevel|ClockDivider:clock_divider      ; ClockDivider        ; work         ;
;    |ClockDividerSound:clock_sound|   ; 39 (39)             ; 27 (27)                   ; 0           ; 0          ; 0            ; 0       ; 0         ; 0    ; 0            ; 0          ; |TopLevel|ClockDividerSound:clock_sound   ; ClockDividerSound   ; work         ;
;    |Collision:collision|             ; 11 (11)             ; 2 (2)                     ; 0           ; 0          ; 0            ; 0       ; 0         ; 0    ; 0            ; 0          ; |TopLevel|Collision:collision             ; Collision           ; work         ;
;    |CollisionHasChanged:coll_change| ; 2 (2)               ; 3 (3)                     ; 0           ; 0          ; 0            ; 0       ; 0         ; 0    ; 0            ; 0          ; |TopLevel|CollisionHasChanged:coll_change ; CollisionHasChanged ; work         ;
;    |CountQuarterSecond:quart_sec|    ; 65 (65)             ; 28 (28)                   ; 0           ; 0          ; 0            ; 0       ; 0         ; 0    ; 0            ; 0          ; |TopLevel|CountQuarterSecond:quart_sec    ; CountQuarterSecond  ; work         ;
;    |DrawSquare:ball|                 ; 40 (40)             ; 0 (0)                     ; 0           ; 0          ; 0            ; 0       ; 0         ; 0    ; 0            ; 0          ; |TopLevel|DrawSquare:ball                 ; DrawSquare          ; work         ;
;    |MoveSquare:move_square|          ; 41 (41)             ; 40 (40)                   ; 0           ; 0          ; 0            ; 0       ; 0         ; 0    ; 0            ; 0          ; |TopLevel|MoveSquare:move_square          ; MoveSquare          ; work         ;
;    |Mux:red_mux|                     ; 2 (2)               ; 0 (0)                     ; 0           ; 0          ; 0            ; 0       ; 0         ; 0    ; 0            ; 0          ; |TopLevel|Mux:red_mux                     ; Mux                 ; work         ;
;    |SyncCount:sync_count|            ; 38 (38)             ; 22 (22)                   ; 0           ; 0          ; 0            ; 0       ; 0         ; 0    ; 0            ; 0          ; |TopLevel|SyncCount:sync_count            ; SyncCount           ; work         ;
+--------------------------------------+---------------------+---------------------------+-------------+------------+--------------+---------+-----------+------+--------------+------------+-------------------------------------------+---------------------+--------------+
Note: For table entries with two numbers listed, the numbers in parentheses indicate the number of resources of the given type used by the specific entity alone. The numbers listed outside of parentheses indicate the total resources of the given type used by the specific entity and all of its sub-entities in the hierarchy.


+------------------------------------------------------+
; General Register Statistics                          ;
+----------------------------------------------+-------+
; Statistic                                    ; Value ;
+----------------------------------------------+-------+
; Total registers                              ; 150   ;
; Number of registers using Synchronous Clear  ; 28    ;
; Number of registers using Synchronous Load   ; 40    ;
; Number of registers using Asynchronous Clear ; 77    ;
; Number of registers using Asynchronous Load  ; 0     ;
; Number of registers using Clock Enable       ; 76    ;
; Number of registers using Preset             ; 0     ;
+----------------------------------------------+-------+


+-------------------------------------------------------------------------------------------------------------------------------------------------------------------+
; Multiplexer Restructuring Statistics (Restructuring Performed)                                                                                                    ;
+--------------------+-----------+---------------+----------------------+------------------------+------------+-----------------------------------------------------+
; Multiplexer Inputs ; Bus Width ; Baseline Area ; Area if Restructured ; Saving if Restructured ; Registered ; Example Multiplexer Output                          ;
+--------------------+-----------+---------------+----------------------+------------------------+------------+-----------------------------------------------------+
; 3:1                ; 40 bits   ; 80 LEs        ; 40 LEs               ; 40 LEs                 ; Yes        ; |TopLevel|MoveSquare:move_square|left[0]            ;
; 3:1                ; 26 bits   ; 52 LEs        ; 26 LEs               ; 26 LEs                 ; Yes        ; |TopLevel|ClockDividerSound:clock_sound|counter[16] ;
; 4:1                ; 26 bits   ; 52 LEs        ; 26 LEs               ; 26 LEs                 ; Yes        ; |TopLevel|CountQuarterSecond:quart_sec|counter[0]   ;
+--------------------+-----------+---------------+----------------------+------------------------+------------+-----------------------------------------------------+


+---------------------------------------------------------------------+
; Parameter Settings for User Entity Instance: MoveSquare:move_square ;
+----------------+-------+--------------------------------------------+
; Parameter Name ; Value ; Type                                       ;
+----------------+-------+--------------------------------------------+
; SPEEDBITS      ; 2     ; Signed Integer                             ;
+----------------+-------+--------------------------------------------+
Note: In order to hide this table in the UI and the text report file, please set the "Show Parameter Settings in Synthesis Report" option in "Analysis and Synthesis Settings -> More Settings" to "Off".


+-----------------------------------------------------------------------------------------------------------------------------------------------------------------------------------------------------------------------+
; Port Connectivity Checks: "MoveSquare:move_square"                                                                                                                                                                    ;
+---------------+-------+----------+------------------------------------------------------------------------------------------------------------------------------------------------------------------------------------+
; Port          ; Type  ; Severity ; Details                                                                                                                                                                            ;
+---------------+-------+----------+------------------------------------------------------------------------------------------------------------------------------------------------------------------------------------+
; speed_y       ; Input ; Warning  ; Input port expression (32 bits) is wider than the input port (2 bits) it drives.  The 30 most-significant bit(s) in the expression will be dangling if they have no other fanouts. ;
; speed_y[1..0] ; Input ; Info     ; Stuck at VCC                                                                                                                                                                       ;
; speed_x       ; Input ; Warning  ; Input port expression (32 bits) is wider than the input port (2 bits) it drives.  The 30 most-significant bit(s) in the expression will be dangling if they have no other fanouts. ;
; speed_x[1..0] ; Input ; Info     ; Stuck at VCC                                                                                                                                                                       ;
+---------------+-------+----------+------------------------------------------------------------------------------------------------------------------------------------------------------------------------------------+


+-------------------------------------------------------------------------------------------------------------------------------------------------------------------------+
; Port Connectivity Checks: "SyncCount:sync_count"                                                                                                                        ;
+-------+-------+----------+----------------------------------------------------------------------------------------------------------------------------------------------+
; Port  ; Type  ; Severity ; Details                                                                                                                                      ;
+-------+-------+----------+----------------------------------------------------------------------------------------------------------------------------------------------+
; color ; Input ; Warning  ; Declared by entity but not connected by instance. If a default value exists, it will be used.  Otherwise, the port will be connected to GND. ;
+-------+-------+----------+----------------------------------------------------------------------------------------------------------------------------------------------+


+-----------------------------------------------------+
; Post-Synthesis Netlist Statistics for Top Partition ;
+-----------------------+-----------------------------+
; Type                  ; Count                       ;
+-----------------------+-----------------------------+
; boundary_port         ; 17                          ;
; cycloneiii_ff         ; 150                         ;
;     CLR               ; 41                          ;
;     CLR SCLR          ; 26                          ;
;     ENA               ; 26                          ;
;     ENA CLR           ; 10                          ;
;     ENA SLD           ; 40                          ;
;     SCLR              ; 2                           ;
;     plain             ; 5                           ;
; cycloneiii_lcell_comb ; 283                         ;
;     arith             ; 165                         ;
;         2 data inputs ; 97                          ;
;         3 data inputs ; 68                          ;
;     normal            ; 118                         ;
;         0 data inputs ; 1                           ;
;         1 data inputs ; 6                           ;
;         2 data inputs ; 57                          ;
;         3 data inputs ; 6                           ;
;         4 data inputs ; 48                          ;
;                       ;                             ;
; Max LUT depth         ; 5.00                        ;
; Average LUT depth     ; 3.10                        ;
+-----------------------+-----------------------------+


+-------------------------------+
; Elapsed Time Per Partition    ;
+----------------+--------------+
; Partition Name ; Elapsed Time ;
+----------------+--------------+
; Top            ; 00:00:01     ;
+----------------+--------------+


+-------------------------------+
; Analysis & Synthesis Messages ;
+-------------------------------+
Info: *******************************************************************
Info: Running Quartus Prime Analysis & Synthesis
    Info: Version 21.1.0 Build 842 10/21/2021 SJ Lite Edition
    Info: Processing started: Wed Jun  3 16:05:55 2026
Info: Command: quartus_map --read_settings_files=on --write_settings_files=off drawing -c drawing
Warning (18236): Number of processors has not been specified which may cause overloading on shared machines.  Set the global assignment NUM_PARALLEL_PROCESSORS in your QSF to an appropriate value for best performance.
Info (20030): Parallel compilation is enabled and will use 8 of the 8 processors detected
Info (12021): Found 1 design units, including 1 entities, in source file SyncCount.sv
    Info (12023): Found entity 1: SyncCount File: /home/charlesmaebi/FPGA-VGA/SyncCount.sv Line: 1
Info (12021): Found 1 design units, including 1 entities, in source file Decoder.sv
    Info (12023): Found entity 1: Decoder File: /home/charlesmaebi/FPGA-VGA/Decoder.sv Line: 2
Warning (12090): Entity "Mux" obtained from "Mux.sv" instead of from Quartus Prime megafunction library File: /home/charlesmaebi/FPGA-VGA/Mux.sv Line: 1
Info (12021): Found 1 design units, including 1 entities, in source file Mux.sv
    Info (12023): Found entity 1: Mux File: /home/charlesmaebi/FPGA-VGA/Mux.sv Line: 1
Info (12021): Found 1 design units, including 1 entities, in source file ClockDivider.sv
    Info (12023): Found entity 1: ClockDivider File: /home/charlesmaebi/FPGA-VGA/ClockDivider.sv Line: 2
Info (12021): Found 1 design units, including 1 entities, in source file TopLevel.sv
    Info (12023): Found entity 1: TopLevel File: /home/charlesmaebi/FPGA-VGA/TopLevel.sv Line: 6
Info (12021): Found 1 design units, including 1 entities, in source file draw_square.sv
    Info (12023): Found entity 1: DrawSquare File: /home/charlesmaebi/FPGA-VGA/draw_square.sv Line: 3
Info (12021): Found 1 design units, including 1 entities, in source file Clock.sv
    Info (12023): Found entity 1: Clock File: /home/charlesmaebi/FPGA-VGA/Clock.sv Line: 1
Info (12021): Found 1 design units, including 1 entities, in source file MoveSquare.sv
    Info (12023): Found entity 1: MoveSquare File: /home/charlesmaebi/FPGA-VGA/MoveSquare.sv Line: 1
Info (12021): Found 1 design units, including 1 entities, in source file Collision.sv
    Info (12023): Found entity 1: Collision File: /home/charlesmaebi/FPGA-VGA/Collision.sv Line: 1
Info (12021): Found 1 design units, including 1 entities, in source file output_files/ClockDividerSound.sv
    Info (12023): Found entity 1: ClockDividerSound File: /home/charlesmaebi/FPGA-VGA/output_files/ClockDividerSound.sv Line: 1
Info (12021): Found 1 design units, including 1 entities, in source file output_files/Sound.sv
    Info (12023): Found entity 1: Sound File: /home/charlesmaebi/FPGA-VGA/output_files/Sound.sv Line: 1
Info (12021): Found 1 design units, including 1 entities, in source file CollisionHasChanged.sv
    Info (12023): Found entity 1: CollisionHasChanged File: /home/charlesmaebi/FPGA-VGA/CollisionHasChanged.sv Line: 1
Info (12021): Found 1 design units, including 1 entities, in source file CountQuarterSecond.sv
    Info (12023): Found entity 1: CountQuarterSecond File: /home/charlesmaebi/FPGA-VGA/CountQuarterSecond.sv Line: 1
Info (12127): Elaborating entity "TopLevel" for the top level hierarchy
Info (12128): Elaborating entity "ClockDivider" for hierarchy "ClockDivider:clock_divider" File: /home/charlesmaebi/FPGA-VGA/TopLevel.sv Line: 30
Info (12128): Elaborating entity "Clock" for hierarchy "Clock:clock" File: /home/charlesmaebi/FPGA-VGA/TopLevel.sv Line: 36
Warning (10230): Verilog HDL assignment warning at Clock.sv(22): truncated value with size 32 to match size of target (26) File: /home/charlesmaebi/FPGA-VGA/Clock.sv Line: 22
Info (12128): Elaborating entity "SyncCount" for hierarchy "SyncCount:sync_count" File: /home/charlesmaebi/FPGA-VGA/TopLevel.sv Line: 45
Warning (10230): Verilog HDL assignment warning at SyncCount.sv(26): truncated value with size 32 to match size of target (10) File: /home/charlesmaebi/FPGA-VGA/SyncCount.sv Line: 26
Warning (10230): Verilog HDL assignment warning at SyncCount.sv(29): truncated value with size 32 to match size of target (10) File: /home/charlesmaebi/FPGA-VGA/SyncCount.sv Line: 29
Info (12128): Elaborating entity "Collision" for hierarchy "Collision:collision" File: /home/charlesmaebi/FPGA-VGA/TopLevel.sv Line: 57
Info (12128): Elaborating entity "MoveSquare" for hierarchy "MoveSquare:move_square" File: /home/charlesmaebi/FPGA-VGA/TopLevel.sv Line: 75
Info (12128): Elaborating entity "CollisionHasChanged" for hierarchy "CollisionHasChanged:coll_change" File: /home/charlesmaebi/FPGA-VGA/TopLevel.sv Line: 86
Info (12128): Elaborating entity "CountQuarterSecond" for hierarchy "CountQuarterSecond:quart_sec" File: /home/charlesmaebi/FPGA-VGA/TopLevel.sv Line: 93
Info (12128): Elaborating entity "ClockDividerSound" for hierarchy "ClockDividerSound:clock_sound" File: /home/charlesmaebi/FPGA-VGA/TopLevel.sv Line: 100
Info (12128): Elaborating entity "DrawSquare" for hierarchy "DrawSquare:ball" File: /home/charlesmaebi/FPGA-VGA/TopLevel.sv Line: 111
Info (12128): Elaborating entity "Mux" for hierarchy "Mux:red_mux" File: /home/charlesmaebi/FPGA-VGA/TopLevel.sv Line: 118
Warning (12241): 2 hierarchies have connectivity warnings - see the Connectivity Checks report folder
Info (286030): Timing-Driven Synthesis is running
Warning (20013): Ignored 24 assignments for entity "VgaDriver" -- entity does not exist in design
    Warning (20014): Assignment for entity set_instance_assignment -name PARTITION_HIERARCHY root_partition -to | -entity VgaDriver -section_id Top was ignored
    Warning (20014): Assignment for entity set_global_assignment -name PARTITION_NETLIST_TYPE SOURCE -entity VgaDriver -section_id Top was ignored
    Warning (20014): Assignment for entity set_global_assignment -name PARTITION_FITTER_PRESERVATION_LEVEL PLACEMENT_AND_ROUTING -entity VgaDriver -section_id Top was ignored
    Warning (20014): Assignment for entity set_global_assignment -name PARTITION_PRESERVE_HIGH_SPEED_TILES ON -entity VgaDriver -section_id Top was ignored
    Warning (20014): Assignment for entity set_global_assignment -name PARTITION_IGNORE_SOURCE_FILE_CHANGES OFF -entity VgaDriver -section_id Top was ignored
    Warning (20014): Assignment for entity set_global_assignment -name PARTITION_ALWAYS_USE_QXP_NETLIST OFF -entity VgaDriver -section_id Top was ignored
    Warning (20014): Assignment for entity set_global_assignment -name PARTITION_COLOR 16764057 -entity VgaDriver -section_id Top was ignored
    Warning (20014): Assignment for entity set_global_assignment -name PARTITION_IMPORT_ASSIGNMENTS ON -entity VgaDriver -section_id Top was ignored
    Warning (20014): Assignment for entity set_global_assignment -name PARTITION_IMPORT_EXISTING_ASSIGNMENTS REPLACE_CONFLICTING -entity VgaDriver -section_id Top was ignored
    Warning (20014): Assignment for entity set_global_assignment -name PARTITION_IMPORT_EXISTING_LOGICLOCK_REGIONS UPDATE_CONFLICTING -entity VgaDriver -section_id Top was ignored
    Warning (20014): Assignment for entity set_global_assignment -name PARTITION_IMPORT_PIN_ASSIGNMENTS ON -entity VgaDriver -section_id Top was ignored
    Warning (20014): Assignment for entity set_global_assignment -name PARTITION_IMPORT_PROMOTE_ASSIGNMENTS ON -entity VgaDriver -section_id Top was ignored
    Warning (20014): Assignment for entity set_global_assignment -name PARTITION_TYPE STANDARD_PARTITION -entity VgaDriver -section_id Top was ignored
    Warning (20014): Assignment for entity set_global_assignment -name ALLOW_MULTIPLE_PERSONAS OFF -entity VgaDriver -section_id Top was ignored
    Warning (20014): Assignment for entity set_global_assignment -name PARTITION_ASD_REGION_ID 1 -entity VgaDriver -section_id Top was ignored
    Warning (20014): Assignment for entity set_global_assignment -name CROSS_BOUNDARY_OPTIMIZATIONS OFF -entity VgaDriver -section_id Top was ignored
    Warning (20014): Assignment for entity set_global_assignment -name PROPAGATE_CONSTANTS_ON_INPUTS ON -entity VgaDriver -section_id Top was ignored
    Warning (20014): Assignment for entity set_global_assignment -name PROPAGATE_INVERSIONS_ON_INPUTS ON -entity VgaDriver -section_id Top was ignored
    Warning (20014): Assignment for entity set_global_assignment -name REMOVE_LOGIC_ON_UNCONNECTED_OUTPUTS ON -entity VgaDriver -section_id Top was ignored
    Warning (20014): Assignment for entity set_global_assignment -name MERGE_EQUIVALENT_INPUTS ON -entity VgaDriver -section_id Top was ignored
    Warning (20014): Assignment for entity set_global_assignment -name MERGE_EQUIVALENT_BIDIRS ON -entity VgaDriver -section_id Top was ignored
    Warning (20014): Assignment for entity set_global_assignment -name ABSORB_PATHS_FROM_OUTPUTS_TO_INPUTS ON -entity VgaDriver -section_id Top was ignored
    Warning (20014): Assignment for entity set_global_assignment -name PARTITION_EXTRACT_HARD_BLOCK_NODES ON -entity VgaDriver -section_id Top was ignored
    Warning (20014): Assignment for entity set_global_assignment -name PARTITION_ENABLE_STRICT_PRESERVATION OFF -entity VgaDriver -section_id Top was ignored
Info (16010): Generating hard_block partition "hard_block:auto_generated_inst"
    Info (16011): Adding 0 node(s), including 0 DDIO, 0 PLL, 0 transceiver and 0 LCELL
Info (21057): Implemented 302 device resources after synthesis - the final resource count might be different
    Info (21058): Implemented 2 input pins
    Info (21059): Implemented 15 output pins
    Info (21061): Implemented 285 logic cells
Info: Quartus Prime Analysis & Synthesis was successful. 0 errors, 31 warnings
    Info: Peak virtual memory: 473 megabytes
    Info: Processing ended: Wed Jun  3 16:06:04 2026
    Info: Elapsed time: 00:00:09
    Info: Total CPU time (on all processors): 00:00:20


