------------------------------------------------------------
Timing Analyzer Summary
------------------------------------------------------------

Type  : Slow 1200mV 85C Model Setup 'clock50'
Slack : -3.458
TNS   : -277.640

Type  : Slow 1200mV 85C Model Setup 'ClockDivider:clock_divider|toggle'
Slack : -2.086
TNS   : -35.890

Type  : Slow 1200mV 85C Model Hold 'clock50'
Slack : 0.330
TNS   : 0.000

Type  : Slow 1200mV 85C Model Hold 'ClockDivider:clock_divider|toggle'
Slack : 0.536
TNS   : 0.000

Type  : Slow 1200mV 85C Model Minimum Pulse Width 'clock50'
Slack : -3.000
TNS   : -182.584

Type  : Slow 1200mV 85C Model Minimum Pulse Width 'ClockDivider:clock_divider|toggle'
Slack : -1.403
TNS   : -30.866

Type  : Slow 1200mV 0C Model Setup 'clock50'
Slack : -3.137
TNS   : -247.388

Type  : Slow 1200mV 0C Model Setup 'ClockDivider:clock_divider|toggle'
Slack : -1.869
TNS   : -31.408

Type  : Slow 1200mV 0C Model Hold 'clock50'
Slack : 0.296
TNS   : 0.000

Type  : Slow 1200mV 0C Model Hold 'ClockDivider:clock_divider|toggle'
Slack : 0.475
TNS   : 0.000

Type  : Slow 1200mV 0C Model Minimum Pulse Width 'clock50'
Slack : -3.000
TNS   : -182.584

Type  : Slow 1200mV 0C Model Minimum Pulse Width 'ClockDivider:clock_divider|toggle'
Slack : -1.403
TNS   : -30.866

Type  : Fast 1200mV 0C Model Setup 'clock50'
Slack : -0.873
TNS   : -47.592

Type  : Fast 1200mV 0C Model Setup 'ClockDivider:clock_divider|toggle'
Slack : -0.344
TNS   : -3.586

Type  : Fast 1200mV 0C Model Hold 'clock50'
Slack : 0.144
TNS   : 0.000

Type  : Fast 1200mV 0C Model Hold 'ClockDivider:clock_divider|toggle'
Slack : 0.195
TNS   : 0.000

Type  : Fast 1200mV 0C Model Minimum Pulse Width 'clock50'
Slack : -3.000
TNS   : -135.872

Type  : Fast 1200mV 0C Model Minimum Pulse Width 'ClockDivider:clock_divider|toggle'
Slack : -1.000
TNS   : -22.000

------------------------------------------------------------
