------------------------------------------------------------
Timing Analyzer Summary
------------------------------------------------------------

Type  : Slow 1200mV 85C Model Setup 'clock50'
Slack : -4.288
TNS   : -716.442

Type  : Slow 1200mV 85C Model Setup 'ClockDivider:clock_divider|toggle'
Slack : -2.043
TNS   : -35.034

Type  : Slow 1200mV 85C Model Hold 'clock50'
Slack : 0.341
TNS   : 0.000

Type  : Slow 1200mV 85C Model Hold 'ClockDivider:clock_divider|toggle'
Slack : 0.649
TNS   : 0.000

Type  : Slow 1200mV 85C Model Minimum Pulse Width 'clock50'
Slack : -3.000
TNS   : -520.660

Type  : Slow 1200mV 85C Model Minimum Pulse Width 'ClockDivider:clock_divider|toggle'
Slack : -1.403
TNS   : -30.866

Type  : Slow 1200mV 0C Model Setup 'clock50'
Slack : -3.880
TNS   : -638.072

Type  : Slow 1200mV 0C Model Setup 'ClockDivider:clock_divider|toggle'
Slack : -1.818
TNS   : -30.428

Type  : Slow 1200mV 0C Model Hold 'clock50'
Slack : 0.306
TNS   : 0.000

Type  : Slow 1200mV 0C Model Hold 'ClockDivider:clock_divider|toggle'
Slack : 0.598
TNS   : 0.000

Type  : Slow 1200mV 0C Model Minimum Pulse Width 'clock50'
Slack : -3.000
TNS   : -509.268

Type  : Slow 1200mV 0C Model Minimum Pulse Width 'ClockDivider:clock_divider|toggle'
Slack : -1.403
TNS   : -30.866

Type  : Fast 1200mV 0C Model Setup 'clock50'
Slack : -1.352
TNS   : -171.569

Type  : Fast 1200mV 0C Model Setup 'ClockDivider:clock_divider|toggle'
Slack : -0.307
TNS   : -3.441

Type  : Fast 1200mV 0C Model Hold 'clock50'
Slack : 0.148
TNS   : 0.000

Type  : Fast 1200mV 0C Model Hold 'ClockDivider:clock_divider|toggle'
Slack : 0.252
TNS   : 0.000

Type  : Fast 1200mV 0C Model Minimum Pulse Width 'clock50'
Slack : -3.000
TNS   : -296.107

Type  : Fast 1200mV 0C Model Minimum Pulse Width 'ClockDivider:clock_divider|toggle'
Slack : -1.000
TNS   : -22.000

------------------------------------------------------------
