Analysis & Synthesis report for drawing
Sat Jun  6 20:24:53 2026
Quartus Prime Version 21.1.0 Build 842 10/21/2021 SJ Lite Edition


---------------------
; Table of Contents ;
---------------------
  1. Legal Notice
  2. Analysis & Synthesis Summary
  3. Analysis & Synthesis Settings
  4. Parallel Compilation
  5. Analysis & Synthesis Source Files Read
  6. Analysis & Synthesis Resource Usage Summary
  7. Analysis & Synthesis Resource Utilization by Entity
  8. Analysis & Synthesis RAM Summary
  9. Analysis & Synthesis IP Cores Summary
 10. Registers Removed During Synthesis
 11. General Register Statistics
 12. Multiplexer Restructuring Statistics (Restructuring Performed)
 13. Source assignments for Draw_DVD:logo|ROM:dvd_logo|altsyncram:altsyncram_component|altsyncram_5q91:auto_generated
 14. Parameter Settings for User Entity Instance: MoveSquare:move_square
 15. Parameter Settings for User Entity Instance: Draw_DVD:logo|ROM:dvd_logo|altsyncram:altsyncram_component
 16. altsyncram Parameter Settings by Entity Instance
 17. Port Connectivity Checks: "MoveSquare:move_square"
 18. Port Connectivity Checks: "SyncCount:sync_count"
 19. Post-Synthesis Netlist Statistics for Top Partition
 20. Elapsed Time Per Partition
 21. Analysis & Synthesis Messages
 22. Analysis & Synthesis Suppressed Messages



----------------
; Legal Notice ;
----------------
Copyright (C) 2021  Intel Corporation. All rights reserved.
Your use of Intel Corporation's design tools, logic functions 
and other software and tools, and any partner logic 
functions, and any output files from any of the foregoing 
(including device programming or simulation files), and any 
associated documentation or information are expressly subject 
to the terms and conditions of the Intel Program License 
Subscription Agreement, the Intel Quartus Prime License Agreement,
the Intel FPGA IP License Agreement, or other applicable license
agreement, including, without limitation, that your use is for
the sole purpose of programming logic devices manufactured by
Intel and sold by Intel or its authorized distributors.  Please
refer to the applicable agreement for further details, at
https://fpgasoftware.intel.com/eula.



+----------------------------------------------------------------------------------+
; Analysis & Synthesis Summary                                                     ;
+------------------------------------+---------------------------------------------+
; Analysis & Synthesis Status        ; Successful - Sat Jun  6 20:24:53 2026       ;
; Quartus Prime Version              ; 21.1.0 Build 842 10/21/2021 SJ Lite Edition ;
; Revision Name                      ; drawing                                     ;
; Top-level Entity Name              ; TopLevel                                    ;
; Family                             ; MAX 10                                      ;
; Total logic elements               ; 360                                         ;
;     Total combinational functions  ; 356                                         ;
;     Dedicated logic registers      ; 170                                         ;
; Total registers                    ; 170                                         ;
; Total pins                         ; 17                                          ;
; Total virtual pins                 ; 0                                           ;
; Total memory bits                  ; 487,424                                     ;
; Embedded Multiplier 9-bit elements ; 0                                           ;
; Total PLLs                         ; 0                                           ;
; UFM blocks                         ; 0                                           ;
; ADC blocks                         ; 0                                           ;
+------------------------------------+---------------------------------------------+


+------------------------------------------------------------------------------------------------------------+
; Analysis & Synthesis Settings                                                                              ;
+------------------------------------------------------------------+--------------------+--------------------+
; Option                                                           ; Setting            ; Default Value      ;
+------------------------------------------------------------------+--------------------+--------------------+
; Device                                                           ; 10M50DAF484C7G     ;                    ;
; Top-level entity name                                            ; TopLevel           ; drawing            ;
; Family name                                                      ; MAX 10             ; Cyclone V          ;
; Use smart compilation                                            ; Off                ; Off                ;
; Enable parallel Assembler and Timing Analyzer during compilation ; On                 ; On                 ;
; Enable compact report table                                      ; Off                ; Off                ;
; Restructure Multiplexers                                         ; Auto               ; Auto               ;
; Create Debugging Nodes for IP Cores                              ; Off                ; Off                ;
; Preserve fewer node names                                        ; On                 ; On                 ;
; Intel FPGA IP Evaluation Mode                                    ; Enable             ; Enable             ;
; Verilog Version                                                  ; Verilog_2001       ; Verilog_2001       ;
; VHDL Version                                                     ; VHDL_1993          ; VHDL_1993          ;
; State Machine Processing                                         ; Auto               ; Auto               ;
; Safe State Machine                                               ; Off                ; Off                ;
; Extract Verilog State Machines                                   ; On                 ; On                 ;
; Extract VHDL State Machines                                      ; On                 ; On                 ;
; Ignore Verilog initial constructs                                ; Off                ; Off                ;
; Iteration limit for constant Verilog loops                       ; 5000               ; 5000               ;
; Iteration limit for non-constant Verilog loops                   ; 250                ; 250                ;
; Add Pass-Through Logic to Inferred RAMs                          ; On                 ; On                 ;
; Infer RAMs from Raw Logic                                        ; On                 ; On                 ;
; Parallel Synthesis                                               ; On                 ; On                 ;
; DSP Block Balancing                                              ; Auto               ; Auto               ;
; NOT Gate Push-Back                                               ; On                 ; On                 ;
; Power-Up Don't Care                                              ; On                 ; On                 ;
; Remove Redundant Logic Cells                                     ; Off                ; Off                ;
; Remove Duplicate Registers                                       ; On                 ; On                 ;
; Ignore CARRY Buffers                                             ; Off                ; Off                ;
; Ignore CASCADE Buffers                                           ; Off                ; Off                ;
; Ignore GLOBAL Buffers                                            ; Off                ; Off                ;
; Ignore ROW GLOBAL Buffers                                        ; Off                ; Off                ;
; Ignore LCELL Buffers                                             ; Off                ; Off                ;
; Ignore SOFT Buffers                                              ; On                 ; On                 ;
; Limit AHDL Integers to 32 Bits                                   ; Off                ; Off                ;
; Optimization Technique                                           ; Balanced           ; Balanced           ;
; Carry Chain Length                                               ; 70                 ; 70                 ;
; Auto Carry Chains                                                ; On                 ; On                 ;
; Auto Open-Drain Pins                                             ; On                 ; On                 ;
; Perform WYSIWYG Primitive Resynthesis                            ; Off                ; Off                ;
; Auto ROM Replacement                                             ; On                 ; On                 ;
; Auto RAM Replacement                                             ; On                 ; On                 ;
; Auto DSP Block Replacement                                       ; On                 ; On                 ;
; Auto Shift Register Replacement                                  ; Auto               ; Auto               ;
; Allow Shift Register Merging across Hierarchies                  ; Auto               ; Auto               ;
; Auto Clock Enable Replacement                                    ; On                 ; On                 ;
; Strict RAM Replacement                                           ; Off                ; Off                ;
; Allow Synchronous Control Signals                                ; On                 ; On                 ;
; Force Use of Synchronous Clear Signals                           ; Off                ; Off                ;
; Auto RAM Block Balancing                                         ; On                 ; On                 ;
; Auto RAM to Logic Cell Conversion                                ; Off                ; Off                ;
; Auto Resource Sharing                                            ; Off                ; Off                ;
; Allow Any RAM Size For Recognition                               ; Off                ; Off                ;
; Allow Any ROM Size For Recognition                               ; Off                ; Off                ;
; Allow Any Shift Register Size For Recognition                    ; Off                ; Off                ;
; Use LogicLock Constraints during Resource Balancing              ; On                 ; On                 ;
; Ignore translate_off and synthesis_off directives                ; Off                ; Off                ;
; Timing-Driven Synthesis                                          ; On                 ; On                 ;
; Report Parameter Settings                                        ; On                 ; On                 ;
; Report Source Assignments                                        ; On                 ; On                 ;
; Report Connectivity Checks                                       ; On                 ; On                 ;
; Ignore Maximum Fan-Out Assignments                               ; Off                ; Off                ;
; Synchronization Register Chain Length                            ; 2                  ; 2                  ;
; Power Optimization During Synthesis                              ; Normal compilation ; Normal compilation ;
; HDL message level                                                ; Level2             ; Level2             ;
; Suppress Register Optimization Related Messages                  ; Off                ; Off                ;
; Number of Removed Registers Reported in Synthesis Report         ; 5000               ; 5000               ;
; Number of Swept Nodes Reported in Synthesis Report               ; 5000               ; 5000               ;
; Number of Inverted Registers Reported in Synthesis Report        ; 100                ; 100                ;
; Clock MUX Protection                                             ; On                 ; On                 ;
; Auto Gated Clock Conversion                                      ; Off                ; Off                ;
; Block Design Naming                                              ; Auto               ; Auto               ;
; SDC constraint protection                                        ; Off                ; Off                ;
; Synthesis Effort                                                 ; Auto               ; Auto               ;
; Shift Register Replacement - Allow Asynchronous Clear Signal     ; On                 ; On                 ;
; Pre-Mapping Resynthesis Optimization                             ; Off                ; Off                ;
; Analysis & Synthesis Message Level                               ; Medium             ; Medium             ;
; Disable Register Merging Across Hierarchies                      ; Auto               ; Auto               ;
; Resource Aware Inference For Block RAM                           ; On                 ; On                 ;
+------------------------------------------------------------------+--------------------+--------------------+


+------------------------------------------+
; Parallel Compilation                     ;
+----------------------------+-------------+
; Processors                 ; Number      ;
+----------------------------+-------------+
; Number detected on machine ; 8           ;
; Maximum allowed            ; 8           ;
;                            ;             ;
; Average used               ; 1.00        ;
; Maximum used               ; 8           ;
;                            ;             ;
; Usage by Processor         ; % Time Used ;
;     Processor 1            ; 100.0%      ;
;     Processor 2            ;   0.0%      ;
;     Processors 3-8         ;   0.0%      ;
+----------------------------+-------------+


+------------------------------------------------------------------------------------------------------------------------------------------------------------------------------------------------------+
; Analysis & Synthesis Source Files Read                                                                                                                                                               ;
+-----------------------------------+-----------------+----------------------------------------+---------------------------------------------------------------------------------------------+---------+
; File Name with User-Entered Path  ; Used in Netlist ; File Type                              ; File Name with Absolute Path                                                                ; Library ;
+-----------------------------------+-----------------+----------------------------------------+---------------------------------------------------------------------------------------------+---------+
; SyncCount.sv                      ; yes             ; User SystemVerilog HDL File            ; /home/charlesmaebi/FPGA-VGA/DVD(Final)/SyncCount.sv                                         ;         ;
; Mux.sv                            ; yes             ; User SystemVerilog HDL File            ; /home/charlesmaebi/FPGA-VGA/DVD(Final)/Mux.sv                                               ;         ;
; ClockDivider.sv                   ; yes             ; User SystemVerilog HDL File            ; /home/charlesmaebi/FPGA-VGA/DVD(Final)/ClockDivider.sv                                      ;         ;
; TopLevel.sv                       ; yes             ; User SystemVerilog HDL File            ; /home/charlesmaebi/FPGA-VGA/DVD(Final)/TopLevel.sv                                          ;         ;
; Clock.sv                          ; yes             ; User SystemVerilog HDL File            ; /home/charlesmaebi/FPGA-VGA/DVD(Final)/Clock.sv                                             ;         ;
; MoveSquare.sv                     ; yes             ; User SystemVerilog HDL File            ; /home/charlesmaebi/FPGA-VGA/DVD(Final)/MoveSquare.sv                                        ;         ;
; Collision.sv                      ; yes             ; User SystemVerilog HDL File            ; /home/charlesmaebi/FPGA-VGA/DVD(Final)/Collision.sv                                         ;         ;
; ROM.v                             ; yes             ; User Verilog HDL File                  ; /home/charlesmaebi/FPGA-VGA/DVD(Final)/ROM.v                                                ;         ;
; Draw_DVD.sv                       ; yes             ; User SystemVerilog HDL File            ; /home/charlesmaebi/FPGA-VGA/DVD(Final)/Draw_DVD.sv                                          ;         ;
; output_files/ClockDividerSound.sv ; yes             ; User SystemVerilog HDL File            ; /home/charlesmaebi/FPGA-VGA/DVD(Final)/output_files/ClockDividerSound.sv                    ;         ;
; CollisionHasChanged.sv            ; yes             ; User SystemVerilog HDL File            ; /home/charlesmaebi/FPGA-VGA/DVD(Final)/CollisionHasChanged.sv                               ;         ;
; CountQuarterSecond.sv             ; yes             ; User SystemVerilog HDL File            ; /home/charlesmaebi/FPGA-VGA/DVD(Final)/CountQuarterSecond.sv                                ;         ;
; altsyncram.tdf                    ; yes             ; Megafunction                           ; /home/charlesmaebi/intelFPGA_pro/21.1/quartus/libraries/megafunctions/altsyncram.tdf        ;         ;
; stratix_ram_block.inc             ; yes             ; Megafunction                           ; /home/charlesmaebi/intelFPGA_pro/21.1/quartus/libraries/megafunctions/stratix_ram_block.inc ;         ;
; lpm_mux.inc                       ; yes             ; Megafunction                           ; /home/charlesmaebi/intelFPGA_pro/21.1/quartus/libraries/megafunctions/lpm_mux.inc           ;         ;
; lpm_decode.inc                    ; yes             ; Megafunction                           ; /home/charlesmaebi/intelFPGA_pro/21.1/quartus/libraries/megafunctions/lpm_decode.inc        ;         ;
; aglobal211.inc                    ; yes             ; Megafunction                           ; /home/charlesmaebi/intelFPGA_pro/21.1/quartus/libraries/megafunctions/aglobal211.inc        ;         ;
; a_rdenreg.inc                     ; yes             ; Megafunction                           ; /home/charlesmaebi/intelFPGA_pro/21.1/quartus/libraries/megafunctions/a_rdenreg.inc         ;         ;
; altrom.inc                        ; yes             ; Megafunction                           ; /home/charlesmaebi/intelFPGA_pro/21.1/quartus/libraries/megafunctions/altrom.inc            ;         ;
; altram.inc                        ; yes             ; Megafunction                           ; /home/charlesmaebi/intelFPGA_pro/21.1/quartus/libraries/megafunctions/altram.inc            ;         ;
; altdpram.inc                      ; yes             ; Megafunction                           ; /home/charlesmaebi/intelFPGA_pro/21.1/quartus/libraries/megafunctions/altdpram.inc          ;         ;
; db/altsyncram_5q91.tdf            ; yes             ; Auto-Generated Megafunction            ; /home/charlesmaebi/FPGA-VGA/DVD(Final)/db/altsyncram_5q91.tdf                               ;         ;
; mifMaker/mifData.mif              ; yes             ; Auto-Found Memory Initialization File  ; /home/charlesmaebi/FPGA-VGA/DVD(Final)/mifMaker/mifData.mif                                 ;         ;
; db/decode_5j9.tdf                 ; yes             ; Auto-Generated Megafunction            ; /home/charlesmaebi/FPGA-VGA/DVD(Final)/db/decode_5j9.tdf                                    ;         ;
; db/mux_b3b.tdf                    ; yes             ; Auto-Generated Megafunction            ; /home/charlesmaebi/FPGA-VGA/DVD(Final)/db/mux_b3b.tdf                                       ;         ;
+-----------------------------------+-----------------+----------------------------------------+---------------------------------------------------------------------------------------------+---------+


+-------------------------------------------------------------+
; Analysis & Synthesis Resource Usage Summary                 ;
+---------------------------------------------+---------------+
; Resource                                    ; Usage         ;
+---------------------------------------------+---------------+
; Estimated Total logic elements              ; 360           ;
;                                             ;               ;
; Total combinational functions               ; 356           ;
; Logic element usage by number of LUT inputs ;               ;
;     -- 4 input functions                    ; 77            ;
;     -- 3 input functions                    ; 102           ;
;     -- <=2 input functions                  ; 177           ;
;                                             ;               ;
; Logic elements by mode                      ;               ;
;     -- normal mode                          ; 169           ;
;     -- arithmetic mode                      ; 187           ;
;                                             ;               ;
; Total registers                             ; 170           ;
;     -- Dedicated logic registers            ; 170           ;
;     -- I/O registers                        ; 0             ;
;                                             ;               ;
; I/O pins                                    ; 17            ;
; Total memory bits                           ; 487424        ;
;                                             ;               ;
; Embedded Multiplier 9-bit elements          ; 0             ;
;                                             ;               ;
; Maximum fan-out node                        ; clock50~input ;
; Maximum fan-out                             ; 212           ;
; Total fan-out                               ; 2550          ;
; Average fan-out                             ; 4.09          ;
+---------------------------------------------+---------------+


+---------------------------------------------------------------------------------------------------------------------------------------------------------------------------------------------------------------------------------------------------------------------------------------------------------------------------------------------------------------------+
; Analysis & Synthesis Resource Utilization by Entity                                                                                                                                                                                                                                                                                                                 ;
+----------------------------------------------+---------------------+---------------------------+-------------+------------+--------------+---------+-----------+------+--------------+------------+----------------------------------------------------------------------------------------------------------------------------+---------------------+--------------+
; Compilation Hierarchy Node                   ; Combinational ALUTs ; Dedicated Logic Registers ; Memory Bits ; UFM Blocks ; DSP Elements ; DSP 9x9 ; DSP 18x18 ; Pins ; Virtual Pins ; ADC blocks ; Full Hierarchy Name                                                                                                        ; Entity Name         ; Library Name ;
+----------------------------------------------+---------------------+---------------------------+-------------+------------+--------------+---------+-----------+------+--------------+------------+----------------------------------------------------------------------------------------------------------------------------+---------------------+--------------+
; |TopLevel                                    ; 356 (1)             ; 170 (0)                   ; 487424      ; 0          ; 0            ; 0       ; 0         ; 17   ; 0            ; 0          ; |TopLevel                                                                                                                  ; TopLevel            ; work         ;
;    |Clock:clock|                             ; 43 (43)             ; 27 (27)                   ; 0           ; 0          ; 0            ; 0       ; 0         ; 0    ; 0            ; 0          ; |TopLevel|Clock:clock                                                                                                      ; Clock               ; work         ;
;    |ClockDivider:clock_divider|              ; 1 (1)               ; 1 (1)                     ; 0           ; 0          ; 0            ; 0       ; 0         ; 0    ; 0            ; 0          ; |TopLevel|ClockDivider:clock_divider                                                                                       ; ClockDivider        ; work         ;
;    |ClockDividerSound:clock_sound|           ; 39 (39)             ; 27 (27)                   ; 0           ; 0          ; 0            ; 0       ; 0         ; 0    ; 0            ; 0          ; |TopLevel|ClockDividerSound:clock_sound                                                                                    ; ClockDividerSound   ; work         ;
;    |Collision:collision|                     ; 11 (11)             ; 2 (2)                     ; 0           ; 0          ; 0            ; 0       ; 0         ; 0    ; 0            ; 0          ; |TopLevel|Collision:collision                                                                                              ; Collision           ; work         ;
;    |CollisionHasChanged:coll_change|         ; 2 (2)               ; 3 (3)                     ; 0           ; 0          ; 0            ; 0       ; 0         ; 0    ; 0            ; 0          ; |TopLevel|CollisionHasChanged:coll_change                                                                                  ; CollisionHasChanged ; work         ;
;    |CountQuarterSecond:quart_sec|            ; 65 (65)             ; 28 (28)                   ; 0           ; 0          ; 0            ; 0       ; 0         ; 0    ; 0            ; 0          ; |TopLevel|CountQuarterSecond:quart_sec                                                                                     ; CountQuarterSecond  ; work         ;
;    |Draw_DVD:logo|                           ; 114 (90)            ; 20 (16)                   ; 487424      ; 0          ; 0            ; 0       ; 0         ; 0    ; 0            ; 0          ; |TopLevel|Draw_DVD:logo                                                                                                    ; Draw_DVD            ; work         ;
;       |ROM:dvd_logo|                         ; 24 (0)              ; 4 (0)                     ; 487424      ; 0          ; 0            ; 0       ; 0         ; 0    ; 0            ; 0          ; |TopLevel|Draw_DVD:logo|ROM:dvd_logo                                                                                       ; ROM                 ; work         ;
;          |altsyncram:altsyncram_component|   ; 24 (0)              ; 4 (0)                     ; 487424      ; 0          ; 0            ; 0       ; 0         ; 0    ; 0            ; 0          ; |TopLevel|Draw_DVD:logo|ROM:dvd_logo|altsyncram:altsyncram_component                                                       ; altsyncram          ; work         ;
;             |altsyncram_5q91:auto_generated| ; 24 (0)              ; 4 (4)                     ; 487424      ; 0          ; 0            ; 0       ; 0         ; 0    ; 0            ; 0          ; |TopLevel|Draw_DVD:logo|ROM:dvd_logo|altsyncram:altsyncram_component|altsyncram_5q91:auto_generated                        ; altsyncram_5q91     ; work         ;
;                |decode_5j9:rden_decode|      ; 4 (4)               ; 0 (0)                     ; 0           ; 0          ; 0            ; 0       ; 0         ; 0    ; 0            ; 0          ; |TopLevel|Draw_DVD:logo|ROM:dvd_logo|altsyncram:altsyncram_component|altsyncram_5q91:auto_generated|decode_5j9:rden_decode ; decode_5j9          ; work         ;
;                |mux_b3b:mux2|                ; 20 (20)             ; 0 (0)                     ; 0           ; 0          ; 0            ; 0       ; 0         ; 0    ; 0            ; 0          ; |TopLevel|Draw_DVD:logo|ROM:dvd_logo|altsyncram:altsyncram_component|altsyncram_5q91:auto_generated|mux_b3b:mux2           ; mux_b3b             ; work         ;
;    |MoveSquare:move_square|                  ; 41 (41)             ; 40 (40)                   ; 0           ; 0          ; 0            ; 0       ; 0         ; 0    ; 0            ; 0          ; |TopLevel|MoveSquare:move_square                                                                                           ; MoveSquare          ; work         ;
;    |Mux:red_mux|                             ; 1 (1)               ; 0 (0)                     ; 0           ; 0          ; 0            ; 0       ; 0         ; 0    ; 0            ; 0          ; |TopLevel|Mux:red_mux                                                                                                      ; Mux                 ; work         ;
;    |SyncCount:sync_count|                    ; 38 (38)             ; 22 (22)                   ; 0           ; 0          ; 0            ; 0       ; 0         ; 0    ; 0            ; 0          ; |TopLevel|SyncCount:sync_count                                                                                             ; SyncCount           ; work         ;
+----------------------------------------------+---------------------+---------------------------+-------------+------------+--------------+---------+-----------+------+--------------+------------+----------------------------------------------------------------------------------------------------------------------------+---------------------+--------------+
Note: For table entries with two numbers listed, the numbers in parentheses indicate the number of resources of the given type used by the specific entity alone. The numbers listed outside of parentheses indicate the total resources of the given type used by the specific entity and all of its sub-entities in the hierarchy.


+------------------------------------------------------------------------------------------------------------------------------------------------------------------------------------------------------------------+
; Analysis & Synthesis RAM Summary                                                                                                                                                                                 ;
+------------------------------------------------------------------------------------------------------+------+------+--------------+--------------+--------------+--------------+--------+------------------------+
; Name                                                                                                 ; Type ; Mode ; Port A Depth ; Port A Width ; Port B Depth ; Port B Width ; Size   ; MIF                    ;
+------------------------------------------------------------------------------------------------------+------+------+--------------+--------------+--------------+--------------+--------+------------------------+
; Draw_DVD:logo|ROM:dvd_logo|altsyncram:altsyncram_component|altsyncram_5q91:auto_generated|ALTSYNCRAM ; AUTO ; ROM  ; 30464        ; 16           ; --           ; --           ; 487424 ; ./mifMaker/mifData.mif ;
+------------------------------------------------------------------------------------------------------+------+------+--------------+--------------+--------------+--------------+--------+------------------------+


+------------------------------------------------------------------------------------------------------------------------+
; Analysis & Synthesis IP Cores Summary                                                                                  ;
+--------+--------------+---------+--------------+--------------+--------------------------------------+-----------------+
; Vendor ; IP Core Name ; Version ; Release Date ; License Type ; Entity Instance                      ; IP Include File ;
+--------+--------------+---------+--------------+--------------+--------------------------------------+-----------------+
; N/A    ; ROM: 1-PORT  ; 22.1    ; N/A          ; N/A          ; |TopLevel|Draw_DVD:logo|ROM:dvd_logo ;                 ;
+--------+--------------+---------+--------------+--------------+--------------------------------------+-----------------+


+----------------------------------------------------------------------------+
; Registers Removed During Synthesis                                         ;
+---------------------------------------+------------------------------------+
; Register name                         ; Reason for Removal                 ;
+---------------------------------------+------------------------------------+
; Draw_DVD:logo|color[1..3]             ; Merged with Draw_DVD:logo|color[0] ;
; Total Number of Removed Registers = 3 ;                                    ;
+---------------------------------------+------------------------------------+


+------------------------------------------------------+
; General Register Statistics                          ;
+----------------------------------------------+-------+
; Statistic                                    ; Value ;
+----------------------------------------------+-------+
; Total registers                              ; 170   ;
; Number of registers using Synchronous Clear  ; 36    ;
; Number of registers using Synchronous Load   ; 40    ;
; Number of registers using Asynchronous Clear ; 77    ;
; Number of registers using Asynchronous Load  ; 0     ;
; Number of registers using Clock Enable       ; 91    ;
; Number of registers using Preset             ; 0     ;
+----------------------------------------------+-------+


+-------------------------------------------------------------------------------------------------------------------------------------------------------------------+
; Multiplexer Restructuring Statistics (Restructuring Performed)                                                                                                    ;
+--------------------+-----------+---------------+----------------------+------------------------+------------+-----------------------------------------------------+
; Multiplexer Inputs ; Bus Width ; Baseline Area ; Area if Restructured ; Saving if Restructured ; Registered ; Example Multiplexer Output                          ;
+--------------------+-----------+---------------+----------------------+------------------------+------------+-----------------------------------------------------+
; 3:1                ; 15 bits   ; 30 LEs        ; 15 LEs               ; 15 LEs                 ; Yes        ; |TopLevel|Draw_DVD:logo|mif_address[12]             ;
; 3:1                ; 26 bits   ; 52 LEs        ; 26 LEs               ; 26 LEs                 ; Yes        ; |TopLevel|ClockDividerSound:clock_sound|counter[11] ;
; 3:1                ; 40 bits   ; 80 LEs        ; 40 LEs               ; 40 LEs                 ; Yes        ; |TopLevel|MoveSquare:move_square|upper[3]           ;
; 4:1                ; 26 bits   ; 52 LEs        ; 26 LEs               ; 26 LEs                 ; Yes        ; |TopLevel|CountQuarterSecond:quart_sec|counter[13]  ;
+--------------------+-----------+---------------+----------------------+------------------------+------------+-----------------------------------------------------+


+------------------------------------------------------------------------------------------------------------------+
; Source assignments for Draw_DVD:logo|ROM:dvd_logo|altsyncram:altsyncram_component|altsyncram_5q91:auto_generated ;
+---------------------------------+--------------------+------+----------------------------------------------------+
; Assignment                      ; Value              ; From ; To                                                 ;
+---------------------------------+--------------------+------+----------------------------------------------------+
; OPTIMIZE_POWER_DURING_SYNTHESIS ; NORMAL_COMPILATION ; -    ; -                                                  ;
+---------------------------------+--------------------+------+----------------------------------------------------+


+---------------------------------------------------------------------+
; Parameter Settings for User Entity Instance: MoveSquare:move_square ;
+----------------+-------+--------------------------------------------+
; Parameter Name ; Value ; Type                                       ;
+----------------+-------+--------------------------------------------+
; SPEEDBITS      ; 1     ; Signed Integer                             ;
+----------------+-------+--------------------------------------------+
Note: In order to hide this table in the UI and the text report file, please set the "Show Parameter Settings in Synthesis Report" option in "Analysis and Synthesis Settings -> More Settings" to "Off".


+---------------------------------------------------------------------------------------------------------+
; Parameter Settings for User Entity Instance: Draw_DVD:logo|ROM:dvd_logo|altsyncram:altsyncram_component ;
+------------------------------------+------------------------+-------------------------------------------+
; Parameter Name                     ; Value                  ; Type                                      ;
+------------------------------------+------------------------+-------------------------------------------+
; BYTE_SIZE_BLOCK                    ; 8                      ; Untyped                                   ;
; AUTO_CARRY_CHAINS                  ; ON                     ; AUTO_CARRY                                ;
; IGNORE_CARRY_BUFFERS               ; OFF                    ; IGNORE_CARRY                              ;
; AUTO_CASCADE_CHAINS                ; ON                     ; AUTO_CASCADE                              ;
; IGNORE_CASCADE_BUFFERS             ; OFF                    ; IGNORE_CASCADE                            ;
; WIDTH_BYTEENA                      ; 1                      ; Untyped                                   ;
; OPERATION_MODE                     ; ROM                    ; Untyped                                   ;
; WIDTH_A                            ; 16                     ; Signed Integer                            ;
; WIDTHAD_A                          ; 15                     ; Signed Integer                            ;
; NUMWORDS_A                         ; 30464                  ; Signed Integer                            ;
; OUTDATA_REG_A                      ; CLOCK0                 ; Untyped                                   ;
; ADDRESS_ACLR_A                     ; NONE                   ; Untyped                                   ;
; OUTDATA_ACLR_A                     ; NONE                   ; Untyped                                   ;
; WRCONTROL_ACLR_A                   ; NONE                   ; Untyped                                   ;
; INDATA_ACLR_A                      ; NONE                   ; Untyped                                   ;
; BYTEENA_ACLR_A                     ; NONE                   ; Untyped                                   ;
; WIDTH_B                            ; 1                      ; Untyped                                   ;
; WIDTHAD_B                          ; 1                      ; Untyped                                   ;
; NUMWORDS_B                         ; 1                      ; Untyped                                   ;
; INDATA_REG_B                       ; CLOCK1                 ; Untyped                                   ;
; WRCONTROL_WRADDRESS_REG_B          ; CLOCK1                 ; Untyped                                   ;
; RDCONTROL_REG_B                    ; CLOCK1                 ; Untyped                                   ;
; ADDRESS_REG_B                      ; CLOCK1                 ; Untyped                                   ;
; OUTDATA_REG_B                      ; UNREGISTERED           ; Untyped                                   ;
; BYTEENA_REG_B                      ; CLOCK1                 ; Untyped                                   ;
; INDATA_ACLR_B                      ; NONE                   ; Untyped                                   ;
; WRCONTROL_ACLR_B                   ; NONE                   ; Untyped                                   ;
; ADDRESS_ACLR_B                     ; NONE                   ; Untyped                                   ;
; OUTDATA_ACLR_B                     ; NONE                   ; Untyped                                   ;
; RDCONTROL_ACLR_B                   ; NONE                   ; Untyped                                   ;
; BYTEENA_ACLR_B                     ; NONE                   ; Untyped                                   ;
; WIDTH_BYTEENA_A                    ; 1                      ; Signed Integer                            ;
; WIDTH_BYTEENA_B                    ; 1                      ; Untyped                                   ;
; RAM_BLOCK_TYPE                     ; AUTO                   ; Untyped                                   ;
; BYTE_SIZE                          ; 8                      ; Untyped                                   ;
; READ_DURING_WRITE_MODE_MIXED_PORTS ; DONT_CARE              ; Untyped                                   ;
; READ_DURING_WRITE_MODE_PORT_A      ; NEW_DATA_NO_NBE_READ   ; Untyped                                   ;
; READ_DURING_WRITE_MODE_PORT_B      ; NEW_DATA_NO_NBE_READ   ; Untyped                                   ;
; INIT_FILE                          ; ./mifMaker/mifData.mif ; Untyped                                   ;
; INIT_FILE_LAYOUT                   ; PORT_A                 ; Untyped                                   ;
; MAXIMUM_DEPTH                      ; 0                      ; Untyped                                   ;
; CLOCK_ENABLE_INPUT_A               ; BYPASS                 ; Untyped                                   ;
; CLOCK_ENABLE_INPUT_B               ; NORMAL                 ; Untyped                                   ;
; CLOCK_ENABLE_OUTPUT_A              ; BYPASS                 ; Untyped                                   ;
; CLOCK_ENABLE_OUTPUT_B              ; NORMAL                 ; Untyped                                   ;
; CLOCK_ENABLE_CORE_A                ; USE_INPUT_CLKEN        ; Untyped                                   ;
; CLOCK_ENABLE_CORE_B                ; USE_INPUT_CLKEN        ; Untyped                                   ;
; ENABLE_ECC                         ; FALSE                  ; Untyped                                   ;
; ECC_PIPELINE_STAGE_ENABLED         ; FALSE                  ; Untyped                                   ;
; WIDTH_ECCSTATUS                    ; 3                      ; Untyped                                   ;
; DEVICE_FAMILY                      ; MAX 10                 ; Untyped                                   ;
; CBXI_PARAMETER                     ; altsyncram_5q91        ; Untyped                                   ;
+------------------------------------+------------------------+-------------------------------------------+
Note: In order to hide this table in the UI and the text report file, please set the "Show Parameter Settings in Synthesis Report" option in "Analysis and Synthesis Settings -> More Settings" to "Off".


+--------------------------------------------------------------------------------------------------------+
; altsyncram Parameter Settings by Entity Instance                                                       ;
+-------------------------------------------+------------------------------------------------------------+
; Name                                      ; Value                                                      ;
+-------------------------------------------+------------------------------------------------------------+
; Number of entity instances                ; 1                                                          ;
; Entity Instance                           ; Draw_DVD:logo|ROM:dvd_logo|altsyncram:altsyncram_component ;
;     -- OPERATION_MODE                     ; ROM                                                        ;
;     -- WIDTH_A                            ; 16                                                         ;
;     -- NUMWORDS_A                         ; 30464                                                      ;
;     -- OUTDATA_REG_A                      ; CLOCK0                                                     ;
;     -- WIDTH_B                            ; 1                                                          ;
;     -- NUMWORDS_B                         ; 1                                                          ;
;     -- ADDRESS_REG_B                      ; CLOCK1                                                     ;
;     -- OUTDATA_REG_B                      ; UNREGISTERED                                               ;
;     -- RAM_BLOCK_TYPE                     ; AUTO                                                       ;
;     -- READ_DURING_WRITE_MODE_MIXED_PORTS ; DONT_CARE                                                  ;
+-------------------------------------------+------------------------------------------------------------+


+--------------------------------------------------------------------------------------------------------------------------------------------------------------------------------------------------------------------+
; Port Connectivity Checks: "MoveSquare:move_square"                                                                                                                                                                 ;
+------------+-------+----------+------------------------------------------------------------------------------------------------------------------------------------------------------------------------------------+
; Port       ; Type  ; Severity ; Details                                                                                                                                                                            ;
+------------+-------+----------+------------------------------------------------------------------------------------------------------------------------------------------------------------------------------------+
; speed_y    ; Input ; Warning  ; Input port expression (32 bits) is wider than the input port (1 bits) it drives.  The 31 most-significant bit(s) in the expression will be dangling if they have no other fanouts. ;
; speed_y[0] ; Input ; Info     ; Stuck at VCC                                                                                                                                                                       ;
; speed_x    ; Input ; Warning  ; Input port expression (32 bits) is wider than the input port (1 bits) it drives.  The 31 most-significant bit(s) in the expression will be dangling if they have no other fanouts. ;
; speed_x[0] ; Input ; Info     ; Stuck at VCC                                                                                                                                                                       ;
+------------+-------+----------+------------------------------------------------------------------------------------------------------------------------------------------------------------------------------------+


+-------------------------------------------------------------------------------------------------------------------------------------------------------------------------+
; Port Connectivity Checks: "SyncCount:sync_count"                                                                                                                        ;
+-------+-------+----------+----------------------------------------------------------------------------------------------------------------------------------------------+
; Port  ; Type  ; Severity ; Details                                                                                                                                      ;
+-------+-------+----------+----------------------------------------------------------------------------------------------------------------------------------------------+
; color ; Input ; Warning  ; Declared by entity but not connected by instance. If a default value exists, it will be used.  Otherwise, the port will be connected to GND. ;
+-------+-------+----------+----------------------------------------------------------------------------------------------------------------------------------------------+


+-----------------------------------------------------+
; Post-Synthesis Netlist Statistics for Top Partition ;
+-----------------------+-----------------------------+
; Type                  ; Count                       ;
+-----------------------+-----------------------------+
; boundary_port         ; 17                          ;
; cycloneiii_ff         ; 170                         ;
;     CLR               ; 41                          ;
;     CLR SCLR          ; 26                          ;
;     ENA               ; 34                          ;
;     ENA CLR           ; 10                          ;
;     ENA SCLR          ; 7                           ;
;     ENA SLD           ; 40                          ;
;     SCLR              ; 3                           ;
;     plain             ; 9                           ;
; cycloneiii_lcell_comb ; 356                         ;
;     arith             ; 187                         ;
;         2 data inputs ; 97                          ;
;         3 data inputs ; 90                          ;
;     normal            ; 169                         ;
;         0 data inputs ; 2                           ;
;         1 data inputs ; 6                           ;
;         2 data inputs ; 72                          ;
;         3 data inputs ; 12                          ;
;         4 data inputs ; 77                          ;
; cycloneiii_ram_block  ; 64                          ;
;                       ;                             ;
; Max LUT depth         ; 6.00                        ;
; Average LUT depth     ; 3.24                        ;
+-----------------------+-----------------------------+


+-------------------------------+
; Elapsed Time Per Partition    ;
+----------------+--------------+
; Partition Name ; Elapsed Time ;
+----------------+--------------+
; Top            ; 00:00:01     ;
+----------------+--------------+


+-------------------------------+
; Analysis & Synthesis Messages ;
+-------------------------------+
Info: *******************************************************************
Info: Running Quartus Prime Analysis & Synthesis
    Info: Version 21.1.0 Build 842 10/21/2021 SJ Lite Edition
    Info: Processing started: Sat Jun  6 20:24:43 2026
Info: Command: quartus_map --read_settings_files=on --write_settings_files=off drawing -c drawing
Warning (18236): Number of processors has not been specified which may cause overloading on shared machines.  Set the global assignment NUM_PARALLEL_PROCESSORS in your QSF to an appropriate value for best performance.
Info (20030): Parallel compilation is enabled and will use 8 of the 8 processors detected
Info (12021): Found 1 design units, including 1 entities, in source file SyncCount.sv
    Info (12023): Found entity 1: SyncCount File: /home/charlesmaebi/FPGA-VGA/DVD(Final)/SyncCount.sv Line: 9
Info (12021): Found 1 design units, including 1 entities, in source file Decoder.sv
    Info (12023): Found entity 1: Decoder File: /home/charlesmaebi/FPGA-VGA/DVD(Final)/Decoder.sv Line: 9
Warning (12090): Entity "Mux" obtained from "Mux.sv" instead of from Quartus Prime megafunction library File: /home/charlesmaebi/FPGA-VGA/DVD(Final)/Mux.sv Line: 7
Info (12021): Found 1 design units, including 1 entities, in source file Mux.sv
    Info (12023): Found entity 1: Mux File: /home/charlesmaebi/FPGA-VGA/DVD(Final)/Mux.sv Line: 7
Info (12021): Found 1 design units, including 1 entities, in source file ClockDivider.sv
    Info (12023): Found entity 1: ClockDivider File: /home/charlesmaebi/FPGA-VGA/DVD(Final)/ClockDivider.sv Line: 8
Info (12021): Found 1 design units, including 1 entities, in source file TopLevel.sv
    Info (12023): Found entity 1: TopLevel File: /home/charlesmaebi/FPGA-VGA/DVD(Final)/TopLevel.sv Line: 7
Info (12021): Found 1 design units, including 1 entities, in source file draw_square.sv
    Info (12023): Found entity 1: DrawSquare File: /home/charlesmaebi/FPGA-VGA/DVD(Final)/draw_square.sv Line: 9
Info (12021): Found 1 design units, including 1 entities, in source file Clock.sv
    Info (12023): Found entity 1: Clock File: /home/charlesmaebi/FPGA-VGA/DVD(Final)/Clock.sv Line: 9
Info (12021): Found 1 design units, including 1 entities, in source file MoveSquare.sv
    Info (12023): Found entity 1: MoveSquare File: /home/charlesmaebi/FPGA-VGA/DVD(Final)/MoveSquare.sv Line: 6
Info (12021): Found 1 design units, including 1 entities, in source file Collision.sv
    Info (12023): Found entity 1: Collision File: /home/charlesmaebi/FPGA-VGA/DVD(Final)/Collision.sv Line: 7
Info (12021): Found 1 design units, including 1 entities, in source file ROM.v
    Info (12023): Found entity 1: ROM File: /home/charlesmaebi/FPGA-VGA/DVD(Final)/ROM.v Line: 47
Info (12021): Found 1 design units, including 1 entities, in source file Draw_DVD.sv
    Info (12023): Found entity 1: Draw_DVD File: /home/charlesmaebi/FPGA-VGA/DVD(Final)/Draw_DVD.sv Line: 8
Info (12021): Found 1 design units, including 1 entities, in source file output_files/ClockDividerSound.sv
    Info (12023): Found entity 1: ClockDividerSound File: /home/charlesmaebi/FPGA-VGA/DVD(Final)/output_files/ClockDividerSound.sv Line: 6
Info (12021): Found 1 design units, including 1 entities, in source file output_files/Sound.sv
    Info (12023): Found entity 1: Sound File: /home/charlesmaebi/FPGA-VGA/DVD(Final)/output_files/Sound.sv Line: 1
Info (12021): Found 1 design units, including 1 entities, in source file CollisionHasChanged.sv
    Info (12023): Found entity 1: CollisionHasChanged File: /home/charlesmaebi/FPGA-VGA/DVD(Final)/CollisionHasChanged.sv Line: 7
Info (12021): Found 1 design units, including 1 entities, in source file CountQuarterSecond.sv
    Info (12023): Found entity 1: CountQuarterSecond File: /home/charlesmaebi/FPGA-VGA/DVD(Final)/CountQuarterSecond.sv Line: 7
Info (12021): Found 1 design units, including 1 entities, in source file MovePaddle.sv
    Info (12023): Found entity 1: MovePaddle File: /home/charlesmaebi/FPGA-VGA/DVD(Final)/MovePaddle.sv Line: 1
Info (12021): Found 1 design units, including 1 entities, in source file DrawPaddle.sv
    Info (12023): Found entity 1: DrawPaddle File: /home/charlesmaebi/FPGA-VGA/DVD(Final)/DrawPaddle.sv Line: 3
Info (12127): Elaborating entity "TopLevel" for the top level hierarchy
Info (12128): Elaborating entity "ClockDivider" for hierarchy "ClockDivider:clock_divider" File: /home/charlesmaebi/FPGA-VGA/DVD(Final)/TopLevel.sv Line: 31
Info (12128): Elaborating entity "Clock" for hierarchy "Clock:clock" File: /home/charlesmaebi/FPGA-VGA/DVD(Final)/TopLevel.sv Line: 37
Warning (10230): Verilog HDL assignment warning at Clock.sv(37): truncated value with size 32 to match size of target (26) File: /home/charlesmaebi/FPGA-VGA/DVD(Final)/Clock.sv Line: 37
Info (12128): Elaborating entity "SyncCount" for hierarchy "SyncCount:sync_count" File: /home/charlesmaebi/FPGA-VGA/DVD(Final)/TopLevel.sv Line: 46
Warning (10230): Verilog HDL assignment warning at SyncCount.sv(34): truncated value with size 32 to match size of target (10) File: /home/charlesmaebi/FPGA-VGA/DVD(Final)/SyncCount.sv Line: 34
Warning (10230): Verilog HDL assignment warning at SyncCount.sv(37): truncated value with size 32 to match size of target (10) File: /home/charlesmaebi/FPGA-VGA/DVD(Final)/SyncCount.sv Line: 37
Info (12128): Elaborating entity "Collision" for hierarchy "Collision:collision" File: /home/charlesmaebi/FPGA-VGA/DVD(Final)/TopLevel.sv Line: 58
Info (12128): Elaborating entity "MoveSquare" for hierarchy "MoveSquare:move_square" File: /home/charlesmaebi/FPGA-VGA/DVD(Final)/TopLevel.sv Line: 76
Info (12128): Elaborating entity "CollisionHasChanged" for hierarchy "CollisionHasChanged:coll_change" File: /home/charlesmaebi/FPGA-VGA/DVD(Final)/TopLevel.sv Line: 87
Info (12128): Elaborating entity "CountQuarterSecond" for hierarchy "CountQuarterSecond:quart_sec" File: /home/charlesmaebi/FPGA-VGA/DVD(Final)/TopLevel.sv Line: 94
Info (12128): Elaborating entity "ClockDividerSound" for hierarchy "ClockDividerSound:clock_sound" File: /home/charlesmaebi/FPGA-VGA/DVD(Final)/TopLevel.sv Line: 101
Info (12128): Elaborating entity "Draw_DVD" for hierarchy "Draw_DVD:logo" File: /home/charlesmaebi/FPGA-VGA/DVD(Final)/TopLevel.sv Line: 125
Warning (10230): Verilog HDL assignment warning at Draw_DVD.sv(51): truncated value with size 32 to match size of target (15) File: /home/charlesmaebi/FPGA-VGA/DVD(Final)/Draw_DVD.sv Line: 51
Info (12128): Elaborating entity "ROM" for hierarchy "Draw_DVD:logo|ROM:dvd_logo" File: /home/charlesmaebi/FPGA-VGA/DVD(Final)/Draw_DVD.sv Line: 28
Info (12128): Elaborating entity "altsyncram" for hierarchy "Draw_DVD:logo|ROM:dvd_logo|altsyncram:altsyncram_component" File: /home/charlesmaebi/FPGA-VGA/DVD(Final)/ROM.v Line: 89
Info (12130): Elaborated megafunction instantiation "Draw_DVD:logo|ROM:dvd_logo|altsyncram:altsyncram_component" File: /home/charlesmaebi/FPGA-VGA/DVD(Final)/ROM.v Line: 89
Info (12133): Instantiated megafunction "Draw_DVD:logo|ROM:dvd_logo|altsyncram:altsyncram_component" with the following parameter: File: /home/charlesmaebi/FPGA-VGA/DVD(Final)/ROM.v Line: 89
    Info (12134): Parameter "address_aclr_a" = "NONE"
    Info (12134): Parameter "clock_enable_input_a" = "BYPASS"
    Info (12134): Parameter "clock_enable_output_a" = "BYPASS"
    Info (12134): Parameter "init_file" = "./mifMaker/mifData.mif"
    Info (12134): Parameter "intended_device_family" = "MAX 10"
    Info (12134): Parameter "lpm_hint" = "ENABLE_RUNTIME_MOD=NO"
    Info (12134): Parameter "lpm_type" = "altsyncram"
    Info (12134): Parameter "numwords_a" = "30464"
    Info (12134): Parameter "operation_mode" = "ROM"
    Info (12134): Parameter "outdata_aclr_a" = "NONE"
    Info (12134): Parameter "outdata_reg_a" = "CLOCK0"
    Info (12134): Parameter "widthad_a" = "15"
    Info (12134): Parameter "width_a" = "16"
    Info (12134): Parameter "width_byteena_a" = "1"
Info (12021): Found 1 design units, including 1 entities, in source file db/altsyncram_5q91.tdf
    Info (12023): Found entity 1: altsyncram_5q91 File: /home/charlesmaebi/FPGA-VGA/DVD(Final)/db/altsyncram_5q91.tdf Line: 32
Info (12128): Elaborating entity "altsyncram_5q91" for hierarchy "Draw_DVD:logo|ROM:dvd_logo|altsyncram:altsyncram_component|altsyncram_5q91:auto_generated" File: /home/charlesmaebi/intelFPGA_pro/21.1/quartus/libraries/megafunctions/altsyncram.tdf Line: 792
Info (12021): Found 1 design units, including 1 entities, in source file db/decode_5j9.tdf
    Info (12023): Found entity 1: decode_5j9 File: /home/charlesmaebi/FPGA-VGA/DVD(Final)/db/decode_5j9.tdf Line: 23
Info (12128): Elaborating entity "decode_5j9" for hierarchy "Draw_DVD:logo|ROM:dvd_logo|altsyncram:altsyncram_component|altsyncram_5q91:auto_generated|decode_5j9:rden_decode" File: /home/charlesmaebi/FPGA-VGA/DVD(Final)/db/altsyncram_5q91.tdf Line: 41
Info (12021): Found 1 design units, including 1 entities, in source file db/mux_b3b.tdf
    Info (12023): Found entity 1: mux_b3b File: /home/charlesmaebi/FPGA-VGA/DVD(Final)/db/mux_b3b.tdf Line: 23
Info (12128): Elaborating entity "mux_b3b" for hierarchy "Draw_DVD:logo|ROM:dvd_logo|altsyncram:altsyncram_component|altsyncram_5q91:auto_generated|mux_b3b:mux2" File: /home/charlesmaebi/FPGA-VGA/DVD(Final)/db/altsyncram_5q91.tdf Line: 42
Info (12128): Elaborating entity "Mux" for hierarchy "Mux:red_mux" File: /home/charlesmaebi/FPGA-VGA/DVD(Final)/TopLevel.sv Line: 133
Warning (12241): 2 hierarchies have connectivity warnings - see the Connectivity Checks report folder
Info (286030): Timing-Driven Synthesis is running
Warning (20013): Ignored 24 assignments for entity "VgaDriver" -- entity does not exist in design
    Warning (20014): Assignment for entity set_instance_assignment -name PARTITION_HIERARCHY root_partition -to | -entity VgaDriver -section_id Top was ignored
    Warning (20014): Assignment for entity set_global_assignment -name PARTITION_NETLIST_TYPE SOURCE -entity VgaDriver -section_id Top was ignored
    Warning (20014): Assignment for entity set_global_assignment -name PARTITION_FITTER_PRESERVATION_LEVEL PLACEMENT_AND_ROUTING -entity VgaDriver -section_id Top was ignored
    Warning (20014): Assignment for entity set_global_assignment -name PARTITION_PRESERVE_HIGH_SPEED_TILES ON -entity VgaDriver -section_id Top was ignored
    Warning (20014): Assignment for entity set_global_assignment -name PARTITION_IGNORE_SOURCE_FILE_CHANGES OFF -entity VgaDriver -section_id Top was ignored
    Warning (20014): Assignment for entity set_global_assignment -name PARTITION_ALWAYS_USE_QXP_NETLIST OFF -entity VgaDriver -section_id Top was ignored
    Warning (20014): Assignment for entity set_global_assignment -name PARTITION_COLOR 16764057 -entity VgaDriver -section_id Top was ignored
    Warning (20014): Assignment for entity set_global_assignment -name PARTITION_IMPORT_ASSIGNMENTS ON -entity VgaDriver -section_id Top was ignored
    Warning (20014): Assignment for entity set_global_assignment -name PARTITION_IMPORT_EXISTING_ASSIGNMENTS REPLACE_CONFLICTING -entity VgaDriver -section_id Top was ignored
    Warning (20014): Assignment for entity set_global_assignment -name PARTITION_IMPORT_EXISTING_LOGICLOCK_REGIONS UPDATE_CONFLICTING -entity VgaDriver -section_id Top was ignored
    Warning (20014): Assignment for entity set_global_assignment -name PARTITION_IMPORT_PIN_ASSIGNMENTS ON -entity VgaDriver -section_id Top was ignored
    Warning (20014): Assignment for entity set_global_assignment -name PARTITION_IMPORT_PROMOTE_ASSIGNMENTS ON -entity VgaDriver -section_id Top was ignored
    Warning (20014): Assignment for entity set_global_assignment -name PARTITION_TYPE STANDARD_PARTITION -entity VgaDriver -section_id Top was ignored
    Warning (20014): Assignment for entity set_global_assignment -name ALLOW_MULTIPLE_PERSONAS OFF -entity VgaDriver -section_id Top was ignored
    Warning (20014): Assignment for entity set_global_assignment -name PARTITION_ASD_REGION_ID 1 -entity VgaDriver -section_id Top was ignored
    Warning (20014): Assignment for entity set_global_assignment -name CROSS_BOUNDARY_OPTIMIZATIONS OFF -entity VgaDriver -section_id Top was ignored
    Warning (20014): Assignment for entity set_global_assignment -name PROPAGATE_CONSTANTS_ON_INPUTS ON -entity VgaDriver -section_id Top was ignored
    Warning (20014): Assignment for entity set_global_assignment -name PROPAGATE_INVERSIONS_ON_INPUTS ON -entity VgaDriver -section_id Top was ignored
    Warning (20014): Assignment for entity set_global_assignment -name REMOVE_LOGIC_ON_UNCONNECTED_OUTPUTS ON -entity VgaDriver -section_id Top was ignored
    Warning (20014): Assignment for entity set_global_assignment -name MERGE_EQUIVALENT_INPUTS ON -entity VgaDriver -section_id Top was ignored
    Warning (20014): Assignment for entity set_global_assignment -name MERGE_EQUIVALENT_BIDIRS ON -entity VgaDriver -section_id Top was ignored
    Warning (20014): Assignment for entity set_global_assignment -name ABSORB_PATHS_FROM_OUTPUTS_TO_INPUTS ON -entity VgaDriver -section_id Top was ignored
    Warning (20014): Assignment for entity set_global_assignment -name PARTITION_EXTRACT_HARD_BLOCK_NODES ON -entity VgaDriver -section_id Top was ignored
    Warning (20014): Assignment for entity set_global_assignment -name PARTITION_ENABLE_STRICT_PRESERVATION OFF -entity VgaDriver -section_id Top was ignored
Info (144001): Generated suppressed messages file /home/charlesmaebi/FPGA-VGA/DVD(Final)/output_files/drawing.map.smsg
Info (16010): Generating hard_block partition "hard_block:auto_generated_inst"
    Info (16011): Adding 0 node(s), including 0 DDIO, 0 PLL, 0 transceiver and 0 LCELL
Info (21057): Implemented 443 device resources after synthesis - the final resource count might be different
    Info (21058): Implemented 2 input pins
    Info (21059): Implemented 15 output pins
    Info (21061): Implemented 362 logic cells
    Info (21064): Implemented 64 RAM segments
Info: Quartus Prime Analysis & Synthesis was successful. 0 errors, 32 warnings
    Info: Peak virtual memory: 480 megabytes
    Info: Processing ended: Sat Jun  6 20:24:53 2026
    Info: Elapsed time: 00:00:10
    Info: Total CPU time (on all processors): 00:00:21


+------------------------------------------+
; Analysis & Synthesis Suppressed Messages ;
+------------------------------------------+
The suppressed messages can be found in /home/charlesmaebi/FPGA-VGA/DVD(Final)/output_files/drawing.map.smsg.


